// Jest Snapshot v1, https://goo.gl/fbAQLP

exports[`Header should match snapshot 1`] = `
<div>
  <nav>
    <a
      aria-current="page"
      className="active"
      href="/"
      onClick={[Function]}
      style={Object {}}
    >
      Logo
    </a>
    <a
      aria-current="page"
      className="active"
      href="/"
      onClick={[Function]}
      style={Object {}}
    >
      Recipes
    </a>
    <a
      aria-current={null}
      href="/planner"
      onClick={[Function]}
    >
      Planner
    </a>
  </nav>
</div>
`;
